// Jest Snapshot v1, https://goo.gl/fbAQLP

exports[`<TextField /> Renders with error 1`] = `
.c4 {
  display: -webkit-box;
  display: -webkit-flex;
  display: -ms-flexbox;
  display: flex;
  background: #EAEAEA;
  border-radius: 0.2rem;
  gap: 0.8rem;
  padding: 0 1.6rem;
  border: 0.2rem solid;
  border-color: #EAEAEA;
}

.c4:focus-within {
  box-shadow: 0 0 0.5rem #F231A5;
}

.c6 {
  color: #030517;
  font-family: Poppins,-apple-system,BlinkMacSystemFont,'Segoe UI',Roboto,Oxygen,Ubuntu,Cantarell,'Open Sans','Helvetica Neue',sans-serif;
  font-size: 1.6rem;
  padding: 0.8rem 0;
  background: transparent;
  border: 0;
  outline: none;
  width: 100%;
}

.c6:disabled {
  cursor: not-allowed;
}

.c7 {
  color: #FF6347;
  font-size: 1.2rem;
}

.c2 {
  font-size: 1.4rem;
  cursor: pointer;
  color: #030517;
}

.c0 .c1,
.c0 .c5,
.c0 .sc-gsDJrp {
  cursor: not-allowed;
  color: #8F8F8F;
}

.c0 .c1::-webkit-input-placeholder,
.c0 .c5::-webkit-input-placeholder,
.c0 .sc-gsDJrp::-webkit-input-placeholder {
  color: currentColor;
}

.c0 .c1::-moz-placeholder,
.c0 .c5::-moz-placeholder,
.c0 .sc-gsDJrp::-moz-placeholder {
  color: currentColor;
}

.c0 .c1:-ms-input-placeholder,
.c0 .c5:-ms-input-placeholder,
.c0 .sc-gsDJrp:-ms-input-placeholder {
  color: currentColor;
}

.c0 .c1::placeholder,
.c0 .c5::placeholder,
.c0 .sc-gsDJrp::placeholder {
  color: currentColor;
}

.c0 .c3 {
  border-color: #FF6347;
}

.c0 .c1,
.c0 .sc-gsDJrp {
  color: #FF6347;
}

<div
  class="c0"
  disabled=""
>
  <label
    class="c1 c2"
    for="TextField"
  >
    TextField
  </label>
  <div
    class="c3 c4"
  >
    <input
      class="c5 c6"
      disabled=""
      id="TextField"
      type="text"
      value=""
    />
  </div>
  <p
    class="c7"
  >
    Error message
  </p>
</div>
`;
